[dotenv@17.2.3] injecting env (8) from .env.local -- tip: ­ƒôí add observability to secrets: https://dotenvx.com/ops
­ƒÜÇ Starting end-to-end Stripe invoice test...

­ƒæñ Step 1: Finding test user...
   Ô£à User: Test Client (f8e2799c-221c-49f7-87b8-db5cdc117793)

­ƒÆ│ Step 2: Creating Stripe customer...
   Ô£à Customer: cus_TUHqL8FcRoePpy

­ƒôä Step 3: Creating invoice...
   Ô£à Invoice: HXRXL6J4-0004
   ­ƒôï PO Code: PO-TEST-1764065798764
   ­ƒÆ░ Amount: Ôé¼0
   ­ƒöù URL: https://invoice.stripe.com/i/acct_1DRjCMCgyfxl9E2s/test_YWNjdF8xRFJqQ01DZ3lmeGw5RTJzLF9UVUhzY2ttNXAycDFERktNS1VYT2FxOXl6VjJLU202LDE1NDYwNjYwMQ0200IiMJQGP5?s=ap

­ƒÆ© Step 4: Simulating bank transfer payment...
   Ôä╣´©Å  Invoice already paid, skipping payment step

ÔÅ│ Step 5: Waiting 5 seconds for webhook to process...
­ƒÆ░ Step 6: Verifying wallet balance...
node.exe : 
En línea: 1 Carácter: 1
+ & "C:\Program Files\nodejs/node.exe" "C:\Program Files\nodejs/node_mo ...
+ ~~~~~~~~~~~~~~~~~~~~~~~~~~~~~~~~~~~~~~~~~~~~~~~~~~~~~~~~~~~~~~~~~~~~~
    + CategoryInfo          : NotSpecified: (:String) [], RemoteException
    + FullyQualifiedErrorId : NativeCommandError
 
ÔØî Error: Could not find the table 'public.client_wallets' in the schema cache
